###############################################################################
#
# IAR ELF Linker V7.30.1.7746/W32 for ARM                 27/Apr/2015  14:53:52
# Copyright 2007-2014 IAR Systems AB.
#
#    Output file  =  
#        C:\Users\William\Documents\FM24V10_I2C_FRAM\STM32F411RE -
#        I2C\Projects\EWARM\STM32F411RE - I2C Configuration\Exe\STM32F411RE -
#        I2C Configuration.out
#    Map file     =  
#        C:\Users\William\Documents\FM24V10_I2C_FRAM\STM32F411RE -
#        I2C\Projects\EWARM\STM32F411RE - I2C Configuration/List\STM32F411RE -
#        I2C Configuration.map
#    Command line =  
#        "C:\Users\William\Documents\FM24V10_I2C_FRAM\STM32F411RE -
#        I2C\Projects\EWARM\STM32F411RE - I2C Configuration\Obj\FM24VN10.o"
#        "C:\Users\William\Documents\FM24V10_I2C_FRAM\STM32F411RE -
#        I2C\Projects\EWARM\STM32F411RE - I2C Configuration\Obj\main.o"
#        "C:\Users\William\Documents\FM24V10_I2C_FRAM\STM32F411RE -
#        I2C\Projects\EWARM\STM32F411RE - I2C
#        Configuration\Obj\startup_stm32f411xe.o"
#        "C:\Users\William\Documents\FM24V10_I2C_FRAM\STM32F411RE -
#        I2C\Projects\EWARM\STM32F411RE - I2C
#        Configuration\Obj\stm32f4xx_hal.o"
#        "C:\Users\William\Documents\FM24V10_I2C_FRAM\STM32F411RE -
#        I2C\Projects\EWARM\STM32F411RE - I2C
#        Configuration\Obj\stm32f4xx_hal_cortex.o"
#        "C:\Users\William\Documents\FM24V10_I2C_FRAM\STM32F411RE -
#        I2C\Projects\EWARM\STM32F411RE - I2C
#        Configuration\Obj\stm32f4xx_hal_dma.o"
#        "C:\Users\William\Documents\FM24V10_I2C_FRAM\STM32F411RE -
#        I2C\Projects\EWARM\STM32F411RE - I2C
#        Configuration\Obj\stm32f4xx_hal_dma_ex.o"
#        "C:\Users\William\Documents\FM24V10_I2C_FRAM\STM32F411RE -
#        I2C\Projects\EWARM\STM32F411RE - I2C
#        Configuration\Obj\stm32f4xx_hal_flash.o"
#        "C:\Users\William\Documents\FM24V10_I2C_FRAM\STM32F411RE -
#        I2C\Projects\EWARM\STM32F411RE - I2C
#        Configuration\Obj\stm32f4xx_hal_flash_ex.o"
#        "C:\Users\William\Documents\FM24V10_I2C_FRAM\STM32F411RE -
#        I2C\Projects\EWARM\STM32F411RE - I2C
#        Configuration\Obj\stm32f4xx_hal_flash_ramfunc.o"
#        "C:\Users\William\Documents\FM24V10_I2C_FRAM\STM32F411RE -
#        I2C\Projects\EWARM\STM32F411RE - I2C
#        Configuration\Obj\stm32f4xx_hal_gpio.o"
#        "C:\Users\William\Documents\FM24V10_I2C_FRAM\STM32F411RE -
#        I2C\Projects\EWARM\STM32F411RE - I2C
#        Configuration\Obj\stm32f4xx_hal_i2c.o"
#        "C:\Users\William\Documents\FM24V10_I2C_FRAM\STM32F411RE -
#        I2C\Projects\EWARM\STM32F411RE - I2C
#        Configuration\Obj\stm32f4xx_hal_i2c_ex.o"
#        "C:\Users\William\Documents\FM24V10_I2C_FRAM\STM32F411RE -
#        I2C\Projects\EWARM\STM32F411RE - I2C
#        Configuration\Obj\stm32f4xx_hal_msp.o"
#        "C:\Users\William\Documents\FM24V10_I2C_FRAM\STM32F411RE -
#        I2C\Projects\EWARM\STM32F411RE - I2C
#        Configuration\Obj\stm32f4xx_hal_pwr.o"
#        "C:\Users\William\Documents\FM24V10_I2C_FRAM\STM32F411RE -
#        I2C\Projects\EWARM\STM32F411RE - I2C
#        Configuration\Obj\stm32f4xx_hal_pwr_ex.o"
#        "C:\Users\William\Documents\FM24V10_I2C_FRAM\STM32F411RE -
#        I2C\Projects\EWARM\STM32F411RE - I2C
#        Configuration\Obj\stm32f4xx_hal_rcc.o"
#        "C:\Users\William\Documents\FM24V10_I2C_FRAM\STM32F411RE -
#        I2C\Projects\EWARM\STM32F411RE - I2C
#        Configuration\Obj\stm32f4xx_hal_rcc_ex.o"
#        "C:\Users\William\Documents\FM24V10_I2C_FRAM\STM32F411RE -
#        I2C\Projects\EWARM\STM32F411RE - I2C
#        Configuration\Obj\stm32f4xx_hal_rtc.o"
#        "C:\Users\William\Documents\FM24V10_I2C_FRAM\STM32F411RE -
#        I2C\Projects\EWARM\STM32F411RE - I2C
#        Configuration\Obj\stm32f4xx_hal_rtc_ex.o"
#        "C:\Users\William\Documents\FM24V10_I2C_FRAM\STM32F411RE -
#        I2C\Projects\EWARM\STM32F411RE - I2C
#        Configuration\Obj\stm32f4xx_hal_uart.o"
#        "C:\Users\William\Documents\FM24V10_I2C_FRAM\STM32F411RE -
#        I2C\Projects\EWARM\STM32F411RE - I2C Configuration\Obj\stm32f4xx_it.o"
#        "C:\Users\William\Documents\FM24V10_I2C_FRAM\STM32F411RE -
#        I2C\Projects\EWARM\STM32F411RE - I2C
#        Configuration\Obj\system_stm32f4xx.o" --redirect _Printf=_PrintfFull
#        --redirect _Scanf=_ScanfFull -o
#        "C:\Users\William\Documents\FM24V10_I2C_FRAM\STM32F411RE -
#        I2C\Projects\EWARM\STM32F411RE - I2C Configuration\Exe\STM32F411RE -
#        I2C Configuration.out" --map
#        "C:\Users\William\Documents\FM24V10_I2C_FRAM\STM32F411RE -
#        I2C\Projects\EWARM\STM32F411RE - I2C Configuration/List\STM32F411RE -
#        I2C Configuration.map" --config "C:\Program Files (x86)\IAR
#        Systems\Embedded Workbench 7.0_2\arm\config\linker\ST\stm32f411xE.icf"
#        --semihosting --entry __iar_program_start --vfe
#
###############################################################################

*******************************************************************************
*** RUNTIME MODEL ATTRIBUTES
***

CppFlavor       = *
__SystemLibrary = DLib


*******************************************************************************
*** PLACEMENT SUMMARY
***

"A1":  place at 0x08000000 { ro section .intvec };
"P1":  place in [from 0x08000000 to 0x0807ffff] { ro };
"P2":  place in [from 0x20000000 to 0x2001ffff] { rw, block CSTACK, block HEAP };

  Section            Kind        Address    Size  Object
  -------            ----        -------    ----  ------
"A1":                                      0x198
  .intvec            ro code  0x08000000   0x198  startup_stm32f411xe.o [1]
                            - 0x08000198   0x198

"P1":                                     0x1e78
  .text              ro code  0x08000198   0x4e4  FM24VN10.o [1]
  .text              ro code  0x0800067c   0x3ac  stm32f4xx_hal_i2c.o [1]
  .text              ro code  0x08000a28    0x6c  stm32f4xx_hal.o [1]
  .text              ro code  0x08000a94    0xd4  stm32f4xx_hal_msp.o [1]
  .text              ro code  0x08000b68   0x4d4  stm32f4xx_hal_rcc.o [1]
  .text              ro code  0x0800103c    0xf2  stm32f4xx_hal_cortex.o [1]
  .text              ro code  0x0800112e    0x2e  copy_init3.o [5]
  .text              ro code  0x0800115c   0x1cc  stm32f4xx_hal_gpio.o [1]
  .text              ro code  0x08001328   0x4a0  stm32f4xx_hal_rtc.o [1]
  .text              ro code  0x080017c8    0xfe  stm32f4xx_hal_rtc_ex.o [1]
  .text              ro code  0x080018c6    0x22  zero_init3.o [5]
  .text              ro code  0x080018e8   0x250  main.o [1]
  .text              ro code  0x08001b38   0x154  stm32f4xx_hal_uart.o [1]
  .text              ro code  0x08001c8c   0x11c  stm32f4xx_hal_rcc_ex.o [1]
  .text              ro code  0x08001da8    0x50  system_stm32f4xx.o [1]
  .text              ro code  0x08001df8    0x38  stm32f4xx_it.o [1]
  .text              ro code  0x08001e30    0x28  data_init.o [5]
  .text              ro code  0x08001e58    0x22  fpinit_M.o [4]
  .iar.init_table    const    0x08001e7c    0x24  - Linker created -
  .text              ro code  0x08001ea0    0x1a  cmain.o [5]
  .text              ro code  0x08001eba     0x4  low_level_init.o [3]
  .text              ro code  0x08001ebe     0x4  exit.o [3]
  .text              ro code  0x08001ec4     0xa  cexit.o [5]
  .text              ro code  0x08001ed0    0x14  exit.o [6]
  .text              ro code  0x08001ee4    0x10  startup_stm32f411xe.o [1]
  .text              ro code  0x08001ef4     0xc  cstartup_M.o [5]
  .text              ro code  0x08001f00     0x4  startup_stm32f411xe.o [1]
  .text              ro code  0x08001f04     0x4  startup_stm32f411xe.o [1]
  .text              ro code  0x08001f08     0x4  startup_stm32f411xe.o [1]
  .text              ro code  0x08001f0c     0x4  startup_stm32f411xe.o [1]
  .text              ro code  0x08001f10     0x4  startup_stm32f411xe.o [1]
  .text              ro code  0x08001f14     0x4  startup_stm32f411xe.o [1]
  .text              ro code  0x08001f18     0x4  startup_stm32f411xe.o [1]
  .text              ro code  0x08001f1c     0x4  startup_stm32f411xe.o [1]
  .text              ro code  0x08001f20     0x4  startup_stm32f411xe.o [1]
  .text              ro code  0x08001f24     0x4  startup_stm32f411xe.o [1]
  .text              ro code  0x08001f28     0x4  startup_stm32f411xe.o [1]
  .text              ro code  0x08001f2c     0x4  startup_stm32f411xe.o [1]
  .text              ro code  0x08001f30     0x4  startup_stm32f411xe.o [1]
  .text              ro code  0x08001f34     0x4  startup_stm32f411xe.o [1]
  .text              ro code  0x08001f38     0x4  startup_stm32f411xe.o [1]
  .text              ro code  0x08001f3c     0x4  startup_stm32f411xe.o [1]
  .text              ro code  0x08001f40     0x4  startup_stm32f411xe.o [1]
  .text              ro code  0x08001f44     0x4  startup_stm32f411xe.o [1]
  .text              ro code  0x08001f48     0x4  startup_stm32f411xe.o [1]
  .text              ro code  0x08001f4c     0x4  startup_stm32f411xe.o [1]
  .text              ro code  0x08001f50     0x4  startup_stm32f411xe.o [1]
  .text              ro code  0x08001f54     0x4  startup_stm32f411xe.o [1]
  .text              ro code  0x08001f58     0x4  startup_stm32f411xe.o [1]
  .text              ro code  0x08001f5c     0x4  startup_stm32f411xe.o [1]
  .text              ro code  0x08001f60     0x4  startup_stm32f411xe.o [1]
  .text              ro code  0x08001f64     0x4  startup_stm32f411xe.o [1]
  .text              ro code  0x08001f68     0x4  startup_stm32f411xe.o [1]
  .text              ro code  0x08001f6c     0x4  startup_stm32f411xe.o [1]
  .text              ro code  0x08001f70     0x4  startup_stm32f411xe.o [1]
  .text              ro code  0x08001f74     0x4  startup_stm32f411xe.o [1]
  .text              ro code  0x08001f78     0x4  startup_stm32f411xe.o [1]
  .text              ro code  0x08001f7c     0x4  startup_stm32f411xe.o [1]
  .text              ro code  0x08001f80     0x4  startup_stm32f411xe.o [1]
  .text              ro code  0x08001f84     0x4  startup_stm32f411xe.o [1]
  .text              ro code  0x08001f88     0x4  startup_stm32f411xe.o [1]
  .text              ro code  0x08001f8c     0x4  startup_stm32f411xe.o [1]
  .text              ro code  0x08001f90     0x4  startup_stm32f411xe.o [1]
  .text              ro code  0x08001f94     0x4  startup_stm32f411xe.o [1]
  .text              ro code  0x08001f98     0x4  startup_stm32f411xe.o [1]
  .text              ro code  0x08001f9c     0x4  startup_stm32f411xe.o [1]
  .text              ro code  0x08001fa0     0x4  startup_stm32f411xe.o [1]
  .text              ro code  0x08001fa4     0x4  startup_stm32f411xe.o [1]
  .text              ro code  0x08001fa8     0x4  startup_stm32f411xe.o [1]
  .text              ro code  0x08001fac     0x4  startup_stm32f411xe.o [1]
  .text              ro code  0x08001fb0     0x4  startup_stm32f411xe.o [1]
  .text              ro code  0x08001fb4     0x4  startup_stm32f411xe.o [1]
  .text              ro code  0x08001fb8     0x4  startup_stm32f411xe.o [1]
  .text              ro code  0x08001fbc     0x4  startup_stm32f411xe.o [1]
  .text              ro code  0x08001fc0     0x4  startup_stm32f411xe.o [1]
  .text              ro code  0x08001fc4     0x4  startup_stm32f411xe.o [1]
  .text              ro code  0x08001fc8     0x4  startup_stm32f411xe.o [1]
  .text              ro code  0x08001fcc     0x4  startup_stm32f411xe.o [1]
  .text              ro code  0x08001fd0     0x4  startup_stm32f411xe.o [1]
  .text              ro code  0x08001fd4     0x4  startup_stm32f411xe.o [1]
  .text              ro code  0x08001fd8     0x4  startup_stm32f411xe.o [1]
  .text              ro code  0x08001fdc     0x4  startup_stm32f411xe.o [1]
  .text              ro code  0x08001fe0     0x4  startup_stm32f411xe.o [1]
  .text              ro code  0x08001fe4     0x4  startup_stm32f411xe.o [1]
  .text              ro code  0x08001fe8     0x4  startup_stm32f411xe.o [1]
  .text              ro code  0x08001fec     0x4  startup_stm32f411xe.o [1]
  .text              ro code  0x08001ff0     0x4  startup_stm32f411xe.o [1]
  .text              ro code  0x08001ff4     0x4  startup_stm32f411xe.o [1]
  .text              ro code  0x08001ff8     0x4  startup_stm32f411xe.o [1]
  .rodata            const    0x08001ffc     0x0  zero_init3.o [5]
  .rodata            const    0x08001ffc     0x0  copy_init3.o [5]
  Initializer bytes  ro data  0x08001ffc    0x14  <for P2 s0>
                            - 0x08002010  0x1e78

"P2":                                     0x40c8
  P2 s0                       0x20000000    0x14  <Init block>
    .data            inited   0x20000000    0x14  system_stm32f4xx.o [1]
  .bss               zero     0x20000014    0x8c  main.o [1]
  .bss               zero     0x200000a0    0x20  main.o [1]
  .bss               zero     0x200000c0     0x4  stm32f4xx_hal.o [1]
  CSTACK                      0x200000c8  0x4000  <Block>
    CSTACK           uninit   0x200000c8  0x4000  <Block tail>
                            - 0x200040c8  0x40c8


*******************************************************************************
*** INIT TABLE
***

          Address     Size
          -------     ----
Zero (__iar_zero_init3)
    1 destination range, total size 0xb0:
          0x20000014  0xb0

Copy (__iar_copy_init3)
    1 source range, total size 0x14:
          0x08001ffc  0x14
    1 destination range, total size 0x14:
          0x20000000  0x14



*******************************************************************************
*** MODULE SUMMARY
***

    Module                  ro code  ro data  rw data
    ------                  -------  -------  -------
C:\Users\William\Documents\FM24V10_I2C_FRAM\STM32F411RE - I2C\Projects\EWARM\STM32F411RE - I2C Configuration\Obj: [1]
    FM24VN10.o                1 252
    main.o                      592               172
    startup_stm32f411xe.o       676
    stm32f4xx_hal.o             108                 4
    stm32f4xx_hal_cortex.o      242
    stm32f4xx_hal_gpio.o        460
    stm32f4xx_hal_i2c.o         940
    stm32f4xx_hal_msp.o         212
    stm32f4xx_hal_rcc.o       1 236
    stm32f4xx_hal_rcc_ex.o      284
    stm32f4xx_hal_rtc.o       1 184
    stm32f4xx_hal_rtc_ex.o      254
    stm32f4xx_hal_uart.o        340
    stm32f4xx_it.o               56
    system_stm32f4xx.o           80       20       20
    -------------------------------------------------
    Total:                    7 916       20      196

command line: [2]
    -------------------------------------------------
    Total:

dl7M_tln.a: [3]
    exit.o                        4
    low_level_init.o              4
    -------------------------------------------------
    Total:                        8

m7M_tlv.a: [4]
    fpinit_M.o                   34
    -------------------------------------------------
    Total:                       34

rt7M_tl.a: [5]
    cexit.o                      10
    cmain.o                      26
    copy_init3.o                 46
    cstartup_M.o                 12
    data_init.o                  40
    zero_init3.o                 34
    -------------------------------------------------
    Total:                      168

shb_l.a: [6]
    exit.o                       20
    -------------------------------------------------
    Total:                       20

    Gaps                          4        2
    Linker created                        36   16 384
-----------------------------------------------------
    Grand Total:              8 150       58   16 580


*******************************************************************************
*** ENTRY LIST
***

Entry                      Address   Size  Type      Object
-----                      -------   ----  ----      ------
?main                   0x08001ea1         Code  Gb  cmain.o [5]
AHBPrescTable           0x20000000   0x10  Data  Gb  system_stm32f4xx.o [1]
APBAHBPrescTable        0x0800102c   0x10  Data  Gb  stm32f4xx_hal_rcc.o [1]
CSTACK$$Base            0x200000c8          --   Gb  - Linker created -
CSTACK$$Limit           0x200040c8          --   Gb  - Linker created -
FRAM_MultiByte_Selective_Read
                        0x080001db  0x1a0  Code  Gb  FM24VN10.o [1]
FRAM_MultiByte_Write    0x08000199   0x42  Code  Gb  FM24VN10.o [1]
HAL_GPIO_Init           0x0800115d  0x196  Code  Gb  stm32f4xx_hal_gpio.o [1]
HAL_GetTick             0x08000a87    0x6  Code  Wk  stm32f4xx_hal.o [1]
HAL_I2C_Init            0x0800067d   0xba  Code  Gb  stm32f4xx_hal_i2c.o [1]
HAL_I2C_Master_Transmit
                        0x08000749   0xa2  Code  Gb  stm32f4xx_hal_i2c.o [1]
HAL_I2C_MspInit         0x08000aad   0x34  Code  Gb  stm32f4xx_hal_msp.o [1]
HAL_IncTick             0x08000a7d    0xa  Code  Wk  stm32f4xx_hal.o [1]
HAL_Init                0x08000a29   0x30  Code  Gb  stm32f4xx_hal.o [1]
HAL_InitTick            0x08000a59   0x24  Code  Wk  stm32f4xx_hal.o [1]
HAL_MspInit             0x08000a95   0x18  Code  Gb  stm32f4xx_hal_msp.o [1]
HAL_NVIC_ClearPendingIRQ
                        0x080010fb    0xc  Code  Gb  stm32f4xx_hal_cortex.o [1]
HAL_NVIC_EnableIRQ      0x080010bf    0xc  Code  Gb  stm32f4xx_hal_cortex.o [1]
HAL_NVIC_SetPriority    0x0800107b   0x44  Code  Gb  stm32f4xx_hal_cortex.o [1]
HAL_NVIC_SetPriorityGrouping
                        0x08001061   0x1a  Code  Gb  stm32f4xx_hal_cortex.o [1]
HAL_RCCEx_PeriphCLKConfig
                        0x08001c8d  0x102  Code  Gb  stm32f4xx_hal_rcc_ex.o [1]
HAL_RCC_ClockConfig     0x08000def  0x148  Code  Gb  stm32f4xx_hal_rcc.o [1]
HAL_RCC_GetHCLKFreq     0x08000fb3   0x1e  Code  Gb  stm32f4xx_hal_rcc.o [1]
HAL_RCC_GetPCLK1Freq    0x08000fd1   0x10  Code  Gb  stm32f4xx_hal_rcc.o [1]
HAL_RCC_GetPCLK2Freq    0x08000fe1    0xe  Code  Gb  stm32f4xx_hal_rcc.o [1]
HAL_RCC_GetSysClockFreq
                        0x08000f69   0x4a  Code  Gb  stm32f4xx_hal_rcc.o [1]
HAL_RCC_OscConfig       0x08000b69  0x274  Code  Gb  stm32f4xx_hal_rcc.o [1]
HAL_RTCEx_AlarmBEventCallback
                        0x080018c5    0x2  Code  Wk  stm32f4xx_hal_rtc_ex.o [1]
HAL_RTCEx_SetWakeUpTimer_IT
                        0x080017c9   0x58  Code  Gb  stm32f4xx_hal_rtc_ex.o [1]
HAL_RTCEx_WakeUpTimerEventCallback
                        0x080018c3    0x2  Code  Wk  stm32f4xx_hal_rtc_ex.o [1]
HAL_RTCEx_WakeUpTimerIRQHandler
                        0x0800187d   0x26  Code  Gb  stm32f4xx_hal_rtc_ex.o [1]
HAL_RTC_AlarmAEventCallback
                        0x0800173d    0x2  Code  Wk  stm32f4xx_hal_rtc.o [1]
HAL_RTC_AlarmIRQHandler
                        0x080016c5   0x42  Code  Gb  stm32f4xx_hal_rtc.o [1]
HAL_RTC_Init            0x08001329   0x7a  Code  Gb  stm32f4xx_hal_rtc.o [1]
HAL_RTC_MspInit         0x08000ae1   0x30  Code  Gb  stm32f4xx_hal_msp.o [1]
HAL_RTC_SetAlarm_IT     0x08001541   0xd8  Code  Gb  stm32f4xx_hal_rtc.o [1]
HAL_RTC_SetDate         0x08001467   0x80  Code  Gb  stm32f4xx_hal_rtc.o [1]
HAL_RTC_SetTime         0x080013b9   0xa0  Code  Gb  stm32f4xx_hal_rtc.o [1]
HAL_RTC_WaitForSynchro  0x0800173f   0x30  Code  Gb  stm32f4xx_hal_rtc.o [1]
HAL_SYSTICK_Callback    0x0800112d    0x2  Code  Wk  stm32f4xx_hal_cortex.o [1]
HAL_SYSTICK_Config      0x080010d3   0x28  Code  Gb  stm32f4xx_hal_cortex.o [1]
HAL_SYSTICK_IRQHandler  0x08001125    0x8  Code  Gb  stm32f4xx_hal_cortex.o [1]
HAL_UART_Init           0x08001b39   0x20  Code  Gb  stm32f4xx_hal_uart.o [1]
HAL_UART_MspInit        0x08000b11   0x32  Code  Gb  stm32f4xx_hal_msp.o [1]
I2C1_MasterRequestRead  0x080005b3   0x86  Code  Lc  FM24VN10.o [1]
I2C_MasterRequestWrite  0x08000441   0x62  Code  Lc  FM24VN10.o [1]
I2C_MasterRequestWrite  0x0800086b   0x54  Code  Lc  stm32f4xx_hal_i2c.o [1]
I2C_WaitOnFlagUntilTimeout
                        0x080004a3   0x78  Code  Lc  FM24VN10.o [1]
I2C_WaitOnFlagUntilTimeout
                        0x08000905   0x7a  Code  Lc  stm32f4xx_hal_i2c.o [1]
I2C_WaitOnMasterAddressFlagUntilTimeout
                        0x08000533   0x70  Code  Lc  FM24VN10.o [1]
I2C_WaitOnMasterAddressFlagUntilTimeout
                        0x08000997   0x66  Code  Lc  stm32f4xx_hal_i2c.o [1]
MX_RTC_Init             0x08001a59   0xae  Code  Lc  main.o [1]
NVIC_GetPriorityGrouping
                        0x0800103d    0xa  Code  Lc  stm32f4xx_hal_cortex.o [1]
NVIC_SetPriority        0x08001047   0x1a  Code  Lc  stm32f4xx_hal_cortex.o [1]
RTC_Alarm_IRQHandler    0x08001e19   0x12  Code  Gb  stm32f4xx_it.o [1]
RTC_Bcd2ToByte          0x080017b9   0x10  Code  Gb  stm32f4xx_hal_rtc.o [1]
RTC_ByteToBcd2          0x080017a3   0x16  Code  Gb  stm32f4xx_hal_rtc.o [1]
RTC_EnterInitMode       0x0800176f   0x34  Code  Gb  stm32f4xx_hal_rtc.o [1]
RTC_WKUP_IRQHandler     0x08001df9   0x12  Code  Gb  stm32f4xx_it.o [1]
Region$$Table$$Base     0x08001e7c          --   Gb  - Linker created -
Region$$Table$$Limit    0x08001ea0          --   Gb  - Linker created -
SysTick_Handler         0x08001e0b    0xe  Code  Gb  stm32f4xx_it.o [1]
SystemClock_Config      0x080019df   0x7a  Code  Gb  main.o [1]
SystemCoreClock         0x20000010    0x4  Data  Gb  system_stm32f4xx.o [1]
SystemInit              0x08001da9   0x3a  Code  Gb  system_stm32f4xx.o [1]
UART_SetConfig          0x08001b9f   0xe0  Code  Lc  stm32f4xx_hal_uart.o [1]
__cmain                 0x08001ea1         Code  Gb  cmain.o [5]
__exit                  0x08001ed1   0x14  Code  Gb  exit.o [6]
__iar_copy_init3        0x0800112f   0x2e  Code  Gb  copy_init3.o [5]
__iar_data_init3        0x08001e31   0x28  Code  Gb  data_init.o [5]
__iar_init_vfp          0x08001e59         Code  Gb  fpinit_M.o [4]
__iar_program_start     0x08001ef5         Code  Gb  cstartup_M.o [5]
__iar_zero_init3        0x080018c7   0x22  Code  Gb  zero_init3.o [5]
__low_level_init        0x08001ebb    0x4  Code  Gb  low_level_init.o [3]
__vector_table          0x08000000         Data  Gb  startup_stm32f411xe.o [1]
_call_main              0x08001ead         Code  Gb  cmain.o [5]
_exit                   0x08001ec5         Code  Gb  cexit.o [5]
_main                   0x08001eb7         Code  Gb  cmain.o [5]
exit                    0x08001ebf    0x4  Code  Gb  exit.o [3]
hi2c1                   0x20000020   0x38  Data  Gb  main.o [1]
hrtc                    0x200000a0   0x20  Data  Gb  main.o [1]
huart1                  0x20000058   0x3c  Data  Gb  main.o [1]
main                    0x080018e9   0xf6  Code  Gb  main.o [1]
read_data               0x20000094    0xc  Data  Gb  main.o [1]
uwTick                  0x200000c0    0x4  Data  Lc  stm32f4xx_hal.o [1]
write_data              0x20000014    0xc  Data  Gb  main.o [1]


[1] = C:\Users\William\Documents\FM24V10_I2C_FRAM\STM32F411RE - I2C\Projects\EWARM\STM32F411RE - I2C Configuration\Obj
[2] = command line
[3] = dl7M_tln.a
[4] = m7M_tlv.a
[5] = rt7M_tl.a
[6] = shb_l.a

   8 150 bytes of readonly  code memory
      58 bytes of readonly  data memory
  16 580 bytes of readwrite data memory

Errors: none
Warnings: none
